// 重构日志: 0237f9ab
// 重构日志: fab5c69e
// 重构日志: 0b4442b8
// 重构日志: 3d3ef1af
// 重构日志: ba1311cb
// 重构日志: 822a293f
// 重构日志: b9d05b1e
// 重构日志: 41d99283
// 重构日志: d86157d9
// 重构日志: c9cd2710
// 同步 ID: 598a5ff4 @ Thu Jul 23 10:41:51 UTC 2026
// 同步 ID: 43ba17d0 @ Sat Jul 25 06:40:44 UTC 2026
// 重构日志: 752446b2
// 同步 ID: d58cc374 @ Mon Jul 27 00:15:17 UTC 2026
// 同步 ID: bfaa8b3d @ Tue Jul 28 10:15:37 UTC 2026
// 同步 ID: 43818e94 @ Wed Jul 29 17:46:32 UTC 2026
// 重构日志: 5749975b
// 重构日志: 95597d88
// 同步 ID: 8f1905a6 @ Sun Aug  2 10:56:57 UTC 2026
// 重构日志: 9efde191
// 重构日志: 8688c831
// 重构日志: ca15f589
// 重构日志: 752a44d2
// 重构日志: 6d64aec5
// 同步 ID: 6dc5afa3 @ Tue Aug  4 12:22:05 UTC 2026
// 同步 ID: d08ba5b8 @ Wed Aug  5 03:30:40 UTC 2026
// 同步 ID: 112673c5 @ Wed Aug  5 18:44:13 UTC 2026
// 同步 ID: d4790adb @ Fri Aug  7 06:26:23 UTC 2026
// 重构日志: e115ca8e
// 同步 ID: 3c67a0d8 @ Sat Aug  8 05:17:46 UTC 2026
// 重构日志: 91d34509
